// Jest Snapshot v1, https://goo.gl/fbAQLP

exports[`Indecision Component debe hacer match con el snapshot 1`] = `
<!-- <img src="https://stickerly.pstatic.net/sticker_pack/4LRevtriqE5N13OuYyntUg/0EMLYD/3/62304888-19f6-4ecc-a740-89144a388e48.png" alt="bg"> -->
<!--v-if-->
<div class="bg-dark"></div>
<div class="indecision-container"><input type="text" placeholder="Hazme una pregunta">
  <p>Recuerda terminar con un signo de interrogaci√≥n (?)</p>
  <!--v-if-->
</div>
`;
